��bootloader[0m
[0;�ets Jul 29 2019 12:21:46

rst:0x1 (POWERON_RESET),boot:0x13 (SPI_FAST_FLASH_BOOT)
configsip: 0, SPIWP:0xee
clk_drv:0x00,q_drv:0x00,d_drv:0x00,cs0_drv:0x00,hd_drv:0x00,wp_drv:0x00
mode:DIO, clock div:2
load:0x3fff0030,len:7176
load:0x40078000,len:15564
ho 0 tail 12 room 4
load:0x40080400,len:4
load:0x40080404,len:3904
entry 0x40080640
[0;32mI (31) boot: ESP-IDF v5.3-dirty 2nd stage bootloader[0m
[0;32mI (31) boot: compile time Sep  3 2024 19:40:52[0m
[0;32mI (31) boot: Multicore bootloader[0m
[0;32mI (36) boot: chip revision: v3.0[0m
[0;32mI (40) boot.esp32: SPI Speed      : 40MHz[0m
[0;32mI (44) boot.esp32: SPI Mode       : DIO[0m
[0;32mI (49) boot.esp32: SPI Flash Size : 4MB[0m
[0;32mI (53) boot: Enabling RNG early entropy source...[0m
[0;32mI (59) boot: Partition Table:[0m
[0;32mI (62) boot: ## Label            Usage          Type ST Offset   Length[0m
[0;32mI (70) boot:  0 nvs              WiFi data        01 02 00009000 00006000[0m
[0;32mI (77) boot:  1 phy_init         RF data          01 01 0000f000 00001000[0m
[0;32mI (84) boot:  2 factory          factory app      00 00 00010000 00177000[0m
[0;32mI (92) boot: End of partition table[0m
[0;32mI (96) esp_image: segment 0: paddr=00010020 vaddr=3f400020 size=10b84h ( 68484) map[0m
[0;32mI (128) esp_image: segment 1: paddr=00020bac vaddr=3ffb0000 size=02414h (  9236) load[0m
[0;32mI (132) esp_image: segment 2: paddr=00022fc8 vaddr=40080000 size=0d050h ( 53328) load[0m
[0;32mI (155) esp_image: segment 3: paddr=00030020 vaddr=400d0020 size=414a8h (267432) map[0m
[0;32mI (247) esp_image: segment 4: paddr=000714d0 vaddr=4008d050 size=00564h (  1380) load[0m
[0;32mI (254) boot: Loaded app from partition at offset 0x10000[0m
[0;32mI (254) boot: Disabling RNG early entropy source...[0m
[0;32mI (267) cpu_start: Multicore app[0m
[0;32mI (276) cpu_start: Pro cpu start user code[0m
[0;32mI (276) cpu_start: cpu freq: 160000000 Hz[0m
[0;32mI (276) app_init: Application information:[0m
[0;32mI (279) app_init: Compile time:     Sep  3 2024 19:40:29[0m
[0;32mI (285) app_init: ELF file SHA256:  aa526cb7e...[0m
[0;32mI (290) app_init: ESP-IDF:          v5.3-dirty[0m
[0;32mI (295) efuse_init: Min chip rev:     v0.0[0m
[0;32mI (300) efuse_init: Max chip rev:     v3.99 [0m
[0;32mI (305) efuse_init: Chip rev:         v3.0[0m
[0;32mI (310) heap_init: Initializing. RAM available for dynamic allocation:[0m
[0;32mI (317) heap_init: At 3FFAE6E0 len 00001920 (6 KiB): DRAM[0m
[0;32mI (323) heap_init: At 3FFC3190 len 0001CE70 (115 KiB): DRAM[0m
[0;32mI (329) heap_init: At 3FFE0440 len 00003AE0 (14 KiB): D/IRAM[0m
[0;32mI (336) heap_init: At 3FFE4350 len 0001BCB0 (111 KiB): D/IRAM[0m
[0;32mI (342) heap_init: At 4008D5B4 len 00012A4C (74 KiB): IRAM[0m
[0;32mI (350) spi_flash: detected chip: generic[0m
[0;32mI (353) spi_flash: flash io: dio[0m
[0;32mI (358) main_task: Started on CPU0[0m
[0;32mI (368) main_task: Calling app_main()[0m
[0;32mI (368) ssd1306: Initialize I2C bus[0m
[0;32mI (368) gpio: GPIO[21]| InputEn: 1| OutputEn: 1| OpenDrain: 1| Pullup: 1| Pulldown: 0| Intr:0 [0m
[0;32mI (378) gpio: GPIO[22]| InputEn: 1| OutputEn: 1| OpenDrain: 1| Pullup: 1| Pulldown: 0| Intr:0 [0m
[0;32mI (388) ssd1306: Install panel IO[0m
[0;32mI (388) ssd1306: Install SSD1306 panel driver[0m
[0;32mI (498) ssd1306: Initialize LVGL[0m
[0;32mI (498) LVGL: Starting LVGL task[0m
[0;32mI (508) main_task: Returned from app_main()[0m
